00:00 +0: loading C:/Users/SUBHASH/Desktop/ayureze-doctor-app-8e6bd855b5e7644b11703f075bcac76d3d2989fc/test/signup_test.dart
flutter : test/signup_test.dart:19:63: Error: No named parameter with the name 'isDark'.
At line:1 char:1
+ flutter test test/signup_test.dart > test_output.txt 2>&1
+ ~~~~~~~~~~~~~~~~~~~~~~~~~~~~~~~~~~~~~~~~~~~~~~~~~~~~~~~~~
    + CategoryInfo          : NotSpecified: (test/signup_tes... name 'isDark'.:String) [], RemoteException
    + FullyQualifiedErrorId : NativeCommandError
 
          ChangeNotifierProvider(create: (_) => ThemeProvider(isDark: false)),
                                                              ^^^^^^
lib/theme/theme_provider.dart:12:3: Context: Found this candidate, but the arguments don't match.
  ThemeProvider() {
  ^^^^^^^^^^^^^
00:00 +0 -1: loading C:/Users/SUBHASH/Desktop/ayureze-doctor-app-8e6bd855b5e7644b11703f075bcac76d3d2989fc/test/signup_test.dart [E]
  TimeoutException after 0:12:00.000000: Test timed out after 12 minutes.
  package:test_api/src/backend/invoker.dart 362:28  Invoker._handleError.<fn>
  dart:async/zone.dart 1517:47                      _rootRun
  dart:async/zone.dart 1422:19                      _CustomZone.run
  package:test_api/src/backend/invoker.dart 360:10  Invoker._handleError
  package:test_api/src/backend/invoker.dart 315:9   Invoker.heartbeat.<fn>.<fn>
  dart:async/zone.dart 1525:13                      _rootRun
  dart:async/zone.dart 1422:19                      _CustomZone.run
  package:test_api/src/backend/invoker.dart 314:38  Invoker.heartbeat.<fn>
  dart:async-patch/timer_patch.dart 18:15           Timer._createTimer.<fn>
  dart:isolate-patch/timer_impl.dart 423:19         _Timer._runTimers
  dart:isolate-patch/timer_impl.dart 454:5          _Timer._handleMessage
  dart:isolate-patch/isolate_patch.dart 193:12      _RawReceivePort._handleMessage
  
00:00 +0 -1: Some tests failed.
